System identifier:C60_b1_0.50                             
Dipole moment (Debye):      0.0000 Location:      0.0000      0.0000      0.0000 Direction (-side):      0.0000      0.0000      0.0000
System identifier:C60_b1_0.60                             
Dipole moment (Debye):      0.0000 Location:      0.0000      0.0000      0.0000 Direction (-side):      0.0000      0.0000      0.0000
System identifier:C60_b1_0.50                             
Dipole moment (Debye):      0.0000 Location:      0.0000      0.0000      0.0000 Direction (-side):      0.0000      0.0000      0.0000
System identifier:C60_b1_0.60                             
Dipole moment (Debye):      0.0000 Location:      0.0000      0.0000      0.0000 Direction (-side):      0.0000      0.0000      0.0000
System identifier:C60_b1_0.50                             
Dipole moment (Debye):      0.0000 Location:      0.0000      0.0000      0.0000 Direction (-side):      0.0000      0.0000      0.0000
System identifier:C60_b1_0.60                             
Dipole moment (Debye):      0.0000 Location:      0.0000      0.0000      0.0000 Direction (-side):      0.0000      0.0000      0.0000
System identifier:C60_b1_0.50                             
Dipole moment (Debye):      0.0000 Location:      0.0000      0.0000      0.0000 Direction (-side):      0.0000      0.0000      0.0000
System identifier:C60_b1_0.60                             
Dipole moment (Debye):      0.0000 Location:      0.0000      0.0000      0.0000 Direction (-side):      0.0000      0.0000      0.0000
System identifier:C60_b1_0.50                             
Dipole moment (Debye):      0.0000 Location:      0.0000      0.0000      0.0000 Direction (-side):      0.0000      0.0000      0.0000
System identifier:C60_b1_0.60                             
Dipole moment (Debye):      0.0000 Location:      0.0000      0.0000      0.0000 Direction (-side):      0.0000      0.0000      0.0000
System identifier:C60_b1_0.50                             
Dipole moment (Debye):      0.0000 Location:      0.0000      0.0000      0.0000 Direction (-side):      0.0000      0.0000      0.0000
System identifier:C60_b1_0.60                             
Dipole moment (Debye):      0.0000 Location:      0.0000      0.0000      0.0000 Direction (-side):      0.0000      0.0000      0.0000
System identifier:C60_b1_0.50                             
Dipole moment (Debye):      0.0000 Location:      0.0000      0.0000      0.0000 Direction (-side):      0.0000      0.0000      0.0000
System identifier:C60_b1_0.60                             
Dipole moment (Debye):      0.0000 Location:      0.0000      0.0000      0.0000 Direction (-side):      0.0000      0.0000      0.0000
