Bond order cutoff:0.3000
Iteration Freq. Molecular formula               Molecular mass
       0   1 x  C60                                  720.0000
 Total number of molecules:           1
 Total number of atoms:          60
 Total system mass:   720.00000000000000     
Bond order cutoff:0.3000
Iteration Freq. Molecular formula               Molecular mass
       0   1 x  C60                                  720.0000
 Total number of molecules:           1
 Total number of atoms:          60
 Total system mass:   720.00000000000000     
Bond order cutoff:0.3000
Iteration Freq. Molecular formula               Molecular mass
       0   1 x  C60                                  720.0000
 Total number of molecules:           1
 Total number of atoms:          60
 Total system mass:   720.00000000000000     
Bond order cutoff:0.3000
Iteration Freq. Molecular formula               Molecular mass
       0   1 x  C60                                  720.0000
 Total number of molecules:           1
 Total number of atoms:          60
 Total system mass:   720.00000000000000     
Bond order cutoff:0.3000
Iteration Freq. Molecular formula               Molecular mass
       0   1 x  C60                                  720.0000
 Total number of molecules:           1
 Total number of atoms:          60
 Total system mass:   720.00000000000000     
Bond order cutoff:0.3000
Iteration Freq. Molecular formula               Molecular mass
       0   1 x  C60                                  720.0000
 Total number of molecules:           1
 Total number of atoms:          60
 Total system mass:   720.00000000000000     
Bond order cutoff:0.3000
Iteration Freq. Molecular formula               Molecular mass
       0   1 x  C60                                  720.0000
 Total number of molecules:           1
 Total number of atoms:          60
 Total system mass:   720.00000000000000     
Bond order cutoff:0.3000
Iteration Freq. Molecular formula               Molecular mass
       0   1 x  C60                                  720.0000
 Total number of molecules:           1
 Total number of atoms:          60
 Total system mass:   720.00000000000000     
Bond order cutoff:0.3000
Iteration Freq. Molecular formula               Molecular mass
       0   1 x  C60                                  720.0000
 Total number of molecules:           1
 Total number of atoms:          60
 Total system mass:   720.00000000000000     
Bond order cutoff:0.3000
Iteration Freq. Molecular formula               Molecular mass
       0   1 x  C60                                  720.0000
 Total number of molecules:           1
 Total number of atoms:          60
 Total system mass:   720.00000000000000     
Bond order cutoff:0.3000
Iteration Freq. Molecular formula               Molecular mass
       0   1 x  C60                                  720.0000
 Total number of molecules:           1
 Total number of atoms:          60
 Total system mass:   720.00000000000000     
Bond order cutoff:0.3000
Iteration Freq. Molecular formula               Molecular mass
       0   1 x  C60                                  720.0000
 Total number of molecules:           1
 Total number of atoms:          60
 Total system mass:   720.00000000000000     
Bond order cutoff:0.3000
Iteration Freq. Molecular formula               Molecular mass
       0   1 x  C60                                  720.0000
 Total number of molecules:           1
 Total number of atoms:          60
 Total system mass:   720.00000000000000     
Bond order cutoff:0.3000
Iteration Freq. Molecular formula               Molecular mass
       0   1 x  C60                                  720.0000
 Total number of molecules:           1
 Total number of atoms:          60
 Total system mass:   720.00000000000000     
Bond order cutoff:0.3000
Iteration Freq. Molecular formula               Molecular mass
       0   1 x  C60                                  720.0000
 Total number of molecules:           1
 Total number of atoms:          60
 Total system mass:   720.00000000000000     
Bond order cutoff:0.3000
Iteration Freq. Molecular formula               Molecular mass
       0   1 x  C60                                  720.0000
 Total number of molecules:           1
 Total number of atoms:          60
 Total system mass:   720.00000000000000     
Bond order cutoff:0.3000
Iteration Freq. Molecular formula               Molecular mass
       0   1 x  C60                                  720.0000
 Total number of molecules:           1
 Total number of atoms:          60
 Total system mass:   720.00000000000000     
Bond order cutoff:0.3000
Iteration Freq. Molecular formula               Molecular mass
       0   1 x  C60                                  720.0000
 Total number of molecules:           1
 Total number of atoms:          60
 Total system mass:   720.00000000000000     
Bond order cutoff:0.3000
Iteration Freq. Molecular formula               Molecular mass
       0   1 x  C60                                  720.0000
 Total number of molecules:           1
 Total number of atoms:          60
 Total system mass:   720.00000000000000     
Bond order cutoff:0.3000
Iteration Freq. Molecular formula               Molecular mass
       0   1 x  C60                                  720.0000
 Total number of molecules:           1
 Total number of atoms:          60
 Total system mass:   720.00000000000000     
Bond order cutoff:0.3000
Iteration Freq. Molecular formula               Molecular mass
       0   1 x  C60                                  720.0000
 Total number of molecules:           1
 Total number of atoms:          60
 Total system mass:   720.00000000000000     
Bond order cutoff:0.3000
Iteration Freq. Molecular formula               Molecular mass
       0   1 x  C60                                  720.0000
 Total number of molecules:           1
 Total number of atoms:          60
 Total system mass:   720.00000000000000     
Bond order cutoff:0.3000
Iteration Freq. Molecular formula               Molecular mass
       0   1 x  C60                                  720.0000
 Total number of molecules:           1
 Total number of atoms:          60
 Total system mass:   720.00000000000000     
Bond order cutoff:0.3000
Iteration Freq. Molecular formula               Molecular mass
       0   1 x  C60                                  720.0000
 Total number of molecules:           1
 Total number of atoms:          60
 Total system mass:   720.00000000000000     
Bond order cutoff:0.3000
Iteration Freq. Molecular formula               Molecular mass
       0   1 x  C60                                  720.0000
 Total number of molecules:           1
 Total number of atoms:          60
 Total system mass:   720.00000000000000     
Bond order cutoff:0.3000
Iteration Freq. Molecular formula               Molecular mass
       0   1 x  C60                                  720.0000
 Total number of molecules:           1
 Total number of atoms:          60
 Total system mass:   720.00000000000000     
Bond order cutoff:0.3000
Iteration Freq. Molecular formula               Molecular mass
       0   1 x  C60                                  720.0000
 Total number of molecules:           1
 Total number of atoms:          60
 Total system mass:   720.00000000000000     
Bond order cutoff:0.3000
Iteration Freq. Molecular formula               Molecular mass
       0   1 x  C60                                  720.0000
 Total number of molecules:           1
 Total number of atoms:          60
 Total system mass:   720.00000000000000     
